  FBXSDK.cpp
H:\RiDX12Engine\DX12EngineModelTool\FBXSDK.cpp(90,82): warning C4244: “=”: 从“T”转换到“float”，可能丢失数据
          with
          [
              T=fbxsdk::FbxDouble
          ]
H:\RiDX12Engine\DX12EngineModelTool\FBXSDK.cpp(91,82): warning C4244: “=”: 从“T”转换到“float”，可能丢失数据
          with
          [
              T=fbxsdk::FbxDouble
          ]
H:\RiDX12Engine\DX12EngineModelTool\FBXSDK.cpp(92,83): warning C4244: “=”: 从“T”转换到“float”，可能丢失数据
          with
          [
              T=fbxsdk::FbxDouble
          ]
H:\RiDX12Engine\DX12EngineModelTool\FBXSDK.cpp(111,46): warning C4244: “=”: 从“T”转换到“float”，可能丢失数据
          with
          [
              T=fbxsdk::FbxDouble
          ]
H:\RiDX12Engine\DX12EngineModelTool\FBXSDK.cpp(112,40): warning C4244: “=”: 从“T”转换到“float”，可能丢失数据
          with
          [
              T=fbxsdk::FbxDouble
          ]
H:\RiDX12Engine\DX12EngineModelTool\FBXSDK.cpp(119,46): warning C4244: “=”: 从“T”转换到“float”，可能丢失数据
          with
          [
              T=fbxsdk::FbxDouble
          ]
H:\RiDX12Engine\DX12EngineModelTool\FBXSDK.cpp(120,40): warning C4244: “=”: 从“T”转换到“float”，可能丢失数据
          with
          [
              T=fbxsdk::FbxDouble
          ]
H:\RiDX12Engine\DX12EngineModelTool\FBXSDK.cpp(134,46): warning C4244: “=”: 从“T”转换到“float”，可能丢失数据
          with
          [
              T=fbxsdk::FbxDouble
          ]
H:\RiDX12Engine\DX12EngineModelTool\FBXSDK.cpp(135,40): warning C4244: “=”: 从“T”转换到“float”，可能丢失数据
          with
          [
              T=fbxsdk::FbxDouble
          ]
H:\RiDX12Engine\DX12EngineModelTool\FBXSDK.cpp(156,59): warning C4244: “=”: 从“T”转换到“float”，可能丢失数据
          with
          [
              T=fbxsdk::FbxDouble
          ]
H:\RiDX12Engine\DX12EngineModelTool\FBXSDK.cpp(157,59): warning C4244: “=”: 从“T”转换到“float”，可能丢失数据
          with
          [
              T=fbxsdk::FbxDouble
          ]
H:\RiDX12Engine\DX12EngineModelTool\FBXSDK.cpp(158,59): warning C4244: “=”: 从“T”转换到“float”，可能丢失数据
          with
          [
              T=fbxsdk::FbxDouble
          ]
H:\RiDX12Engine\DX12EngineModelTool\FBXSDK.cpp(167,59): warning C4244: “=”: 从“T”转换到“float”，可能丢失数据
          with
          [
              T=fbxsdk::FbxDouble
          ]
H:\RiDX12Engine\DX12EngineModelTool\FBXSDK.cpp(168,59): warning C4244: “=”: 从“T”转换到“float”，可能丢失数据
          with
          [
              T=fbxsdk::FbxDouble
          ]
H:\RiDX12Engine\DX12EngineModelTool\FBXSDK.cpp(169,59): warning C4244: “=”: 从“T”转换到“float”，可能丢失数据
          with
          [
              T=fbxsdk::FbxDouble
          ]
H:\RiDX12Engine\DX12EngineModelTool\FBXSDK.cpp(180,59): warning C4244: “=”: 从“T”转换到“float”，可能丢失数据
          with
          [
              T=fbxsdk::FbxDouble
          ]
H:\RiDX12Engine\DX12EngineModelTool\FBXSDK.cpp(181,59): warning C4244: “=”: 从“T”转换到“float”，可能丢失数据
          with
          [
              T=fbxsdk::FbxDouble
          ]
H:\RiDX12Engine\DX12EngineModelTool\FBXSDK.cpp(182,59): warning C4244: “=”: 从“T”转换到“float”，可能丢失数据
          with
          [
              T=fbxsdk::FbxDouble
          ]
H:\RiDX12Engine\DX12EngineModelTool\FBXSDK.cpp(189,59): warning C4244: “=”: 从“T”转换到“float”，可能丢失数据
          with
          [
              T=fbxsdk::FbxDouble
          ]
H:\RiDX12Engine\DX12EngineModelTool\FBXSDK.cpp(190,59): warning C4244: “=”: 从“T”转换到“float”，可能丢失数据
          with
          [
              T=fbxsdk::FbxDouble
          ]
H:\RiDX12Engine\DX12EngineModelTool\FBXSDK.cpp(191,59): warning C4244: “=”: 从“T”转换到“float”，可能丢失数据
          with
          [
              T=fbxsdk::FbxDouble
          ]
H:\RiDX12Engine\DX12EngineModelTool\FBXSDK.cpp(211,61): warning C4244: “=”: 从“T”转换到“float”，可能丢失数据
          with
          [
              T=fbxsdk::FbxDouble
          ]
H:\RiDX12Engine\DX12EngineModelTool\FBXSDK.cpp(212,61): warning C4244: “=”: 从“T”转换到“float”，可能丢失数据
          with
          [
              T=fbxsdk::FbxDouble
          ]
H:\RiDX12Engine\DX12EngineModelTool\FBXSDK.cpp(213,61): warning C4244: “=”: 从“T”转换到“float”，可能丢失数据
          with
          [
              T=fbxsdk::FbxDouble
          ]
H:\RiDX12Engine\DX12EngineModelTool\FBXSDK.cpp(221,61): warning C4244: “=”: 从“T”转换到“float”，可能丢失数据
          with
          [
              T=fbxsdk::FbxDouble
          ]
H:\RiDX12Engine\DX12EngineModelTool\FBXSDK.cpp(222,61): warning C4244: “=”: 从“T”转换到“float”，可能丢失数据
          with
          [
              T=fbxsdk::FbxDouble
          ]
H:\RiDX12Engine\DX12EngineModelTool\FBXSDK.cpp(223,61): warning C4244: “=”: 从“T”转换到“float”，可能丢失数据
          with
          [
              T=fbxsdk::FbxDouble
          ]
H:\RiDX12Engine\DX12EngineModelTool\FBXSDK.cpp(257,26): warning C4244: “初始化”: 从“float”转换到“uint16_t”，可能丢失数据
H:\RiDX12Engine\DX12EngineModelTool\FBXSDK.cpp(258,51): warning C4244: “参数”: 从“float”转换到“const unsigned __int64”，可能丢失数据
    正在创建库 H:\RiDX12Engine\Binaries\Win64\DX12EngineModelTool.lib 和对象 H:\RiDX12Engine\Binaries\Win64\DX12EngineModelTool.exp
  DX12EngineModelTool.vcxproj -> H:\RiDX12Engine\Binaries\Win64\DX12EngineModelTool.dll
