h:\ridx12engine\intermediate\other\vc143.pdb
h:\ridx12engine\intermediate\other\vc143.idb
h:\ridx12engine\intermediate\other\lightcomponent.obj
h:\ridx12engine\intermediate\other\inputtype.obj
h:\ridx12engine\intermediate\other\input.obj
h:\ridx12engine\intermediate\other\inputcomponent.obj
h:\ridx12engine\intermediate\other\component.obj
h:\ridx12engine\intermediate\other\collisionscenequery.obj
h:\ridx12engine\intermediate\other\sky.obj
h:\ridx12engine\intermediate\other\fog.obj
h:\ridx12engine\intermediate\other\spotlight.obj
h:\ridx12engine\intermediate\other\pointlight.obj
h:\ridx12engine\intermediate\other\parallellight.obj
h:\ridx12engine\intermediate\other\rangelight.obj
h:\ridx12engine\intermediate\other\light.obj
h:\ridx12engine\intermediate\other\actorobject.obj
h:\ridx12engine\intermediate\other\toolbareditor.obj
h:\ridx12engine\intermediate\other\outlineeditor.obj
h:\ridx12engine\intermediate\other\logsystem.obj
h:\ridx12engine\intermediate\other\logeditor.obj
h:\ridx12engine\intermediate\other\editorengine.obj
h:\ridx12engine\intermediate\other\enginevariabletable.obj
h:\ridx12engine\intermediate\other\enginerenderconfig.obj
h:\ridx12engine\intermediate\other\transformcomponent.obj
h:\ridx12engine\intermediate\other\skyconstantbuffer.obj
h:\ridx12engine\intermediate\other\fogcomponent.obj
h:\ridx12engine\intermediate\other\torusmeshcomponent.obj
h:\ridx12engine\intermediate\other\spheremeshcomponent.obj
h:\ridx12engine\intermediate\other\pyramidmeshcomponent.obj
h:\ridx12engine\intermediate\other\planemeshcomponent.obj
h:\ridx12engine\intermediate\other\pipemeshcomponent.obj
h:\ridx12engine\intermediate\other\cylindermeshcomponent.obj
h:\ridx12engine\intermediate\other\custommeshcomponent.obj
h:\ridx12engine\intermediate\other\shellmeshcomponent.obj
h:\ridx12engine\intermediate\other\meshcomponent.obj
h:\ridx12engine\intermediate\other\conemeshcomponent.obj
h:\ridx12engine\intermediate\other\boxmeshcomponent.obj
h:\ridx12engine\intermediate\other\spotlightcomponent.obj
h:\ridx12engine\intermediate\other\pointlightcomponent.obj
h:\ridx12engine\intermediate\other\parallellightcomponent.obj
h:\ridx12engine\intermediate\other\rangelightcomponent.obj
h:\ridx12engine\intermediate\other\lightconstantbuffer.obj
h:\ridx12engine\intermediate\other\enginemath.obj
h:\ridx12engine\intermediate\other\lightmanager.obj
h:\ridx12engine\intermediate\other\raycastsystemlibrary.obj
h:\ridx12engine\intermediate\other\directxdeviceinterface.obj
h:\ridx12engine\intermediate\other\enginetype.obj
h:\ridx12engine\intermediate\other\enginefactory.obj
h:\ridx12engine\intermediate\other\dx12engine.obj
h:\ridx12engine\intermediate\other\world.obj
h:\ridx12engine\intermediate\other\winmaincommandparameters.obj
h:\ridx12engine\intermediate\other\viewporttransformation.obj
h:\ridx12engine\intermediate\other\viewportinfo.obj
h:\ridx12engine\intermediate\other\viewport.obj
h:\ridx12engine\intermediate\other\clientviewport.obj
h:\ridx12engine\intermediate\other\engine.obj
h:\ridx12engine\intermediate\other\guidinterface.obj
h:\ridx12engine\intermediate\other\coreminimalobject.obj
h:\ridx12engine\intermediate\other\objectconstruction.obj
h:\ridx12engine\intermediate\other\meshconstruction.obj
h:\ridx12engine\intermediate\other\actormeshconstruction.obj
h:\ridx12engine\intermediate\other\camera.obj
h:\ridx12engine\intermediate\other\dynamiccubemap.obj
h:\ridx12engine\intermediate\other\directxdescriptorheap.obj
h:\ridx12engine\intermediate\other\constantbufferviews.obj
h:\ridx12engine\intermediate\other\constructbuffer.obj
h:\ridx12engine\intermediate\other\torusmesh.obj
h:\ridx12engine\intermediate\other\spheremesh.obj
h:\ridx12engine\intermediate\other\pyramidmesh.obj
h:\ridx12engine\intermediate\other\planemesh.obj
h:\ridx12engine\intermediate\other\pipemesh.obj
h:\ridx12engine\intermediate\other\cylindermesh.obj
h:\ridx12engine\intermediate\other\custommesh.obj
h:\ridx12engine\intermediate\other\objecttransform.obj
h:\ridx12engine\intermediate\other\meshtype.obj
h:\ridx12engine\intermediate\other\meshmanager.obj
h:\ridx12engine\intermediate\other\mesh.obj
h:\ridx12engine\intermediate\other\materialtype.obj
h:\ridx12engine\intermediate\other\materialconstantbuffer.obj
h:\ridx12engine\intermediate\other\material.obj
h:\ridx12engine\intermediate\other\conemesh.obj
h:\ridx12engine\intermediate\other\boxmesh.obj
h:\ridx12engine\intermediate\other\shadowmaprendertarget.obj
h:\ridx12engine\intermediate\other\cubemaprendertarget.obj
h:\ridx12engine\intermediate\other\rendertarget.obj
h:\ridx12engine\intermediate\other\transparentrenderlayer.obj
h:\ridx12engine\intermediate\other\selectrenderlayer.obj
h:\ridx12engine\intermediate\other\opaqueshadowrenderlayer.obj
h:\ridx12engine\intermediate\other\opaquerenderlayer.obj
h:\ridx12engine\intermediate\other\opaquereflectorrenderlayer.obj
h:\ridx12engine\intermediate\other\backgroundrenderlayer.obj
h:\ridx12engine\intermediate\other\alphatestrenderlayer.obj
h:\ridx12engine\intermediate\other\renderlayermanager.obj
h:\ridx12engine\intermediate\other\renderlayer.obj
h:\ridx12engine\intermediate\other\renderingpipeline.obj
h:\ridx12engine\intermediate\other\directxpipelinestate.obj
h:\ridx12engine\intermediate\other\renderingdata.obj
h:\ridx12engine\intermediate\other\geometrymap.obj
h:\ridx12engine\intermediate\other\dynamicshadowmap.obj
h:\ridx12engine\intermediate\other\dynamicshadowcubemap.obj
h:\ridx12engine\intermediate\other\dynamicreflectioncubemap.obj
h:\ridx12engine\intermediate\other\dynamicmap.obj
h:\ridx12engine\intermediate\other\imgui_tables.obj
h:\ridx12engine\intermediate\other\imgui_draw.obj
h:\ridx12engine\intermediate\other\imgui_demo.obj
h:\ridx12engine\intermediate\other\imgui.obj
h:\ridx12engine\intermediate\other\imgui_impl_win32.obj
h:\ridx12engine\intermediate\other\imgui_impl_dx12.obj
h:\ridx12engine\intermediate\other\windowsmessageprocessing.obj
h:\ridx12engine\intermediate\other\windowsengine.obj
h:\ridx12engine\intermediate\other\shadertype.obj
h:\ridx12engine\intermediate\other\shader.obj
h:\ridx12engine\intermediate\other\directx12renderingengine.obj
h:\ridx12engine\intermediate\other\directxrenderingengine.obj
h:\ridx12engine\intermediate\other\renderingengine.obj
h:\ridx12engine\intermediate\other\ddstextureloader.obj
h:\ridx12engine\intermediate\other\renderingtextureresourcesupdate.obj
h:\ridx12engine\intermediate\other\renderingresourcesupdate.obj
h:\ridx12engine\intermediate\other\rendering.obj
h:\ridx12engine\intermediate\other\imguipipeline.obj
h:\ridx12engine\intermediate\other\staticsamplerobject.obj
h:\ridx12engine\intermediate\other\directxrootsignature.obj
h:\ridx12engine\intermediate\other\tinystr.obj
h:\ridx12engine\intermediate\other\vector_color.obj
h:\ridx12engine\intermediate\other\vector_4id.obj
h:\ridx12engine\intermediate\other\vector_4d.obj
h:\ridx12engine\intermediate\other\vector_3id.obj
h:\ridx12engine\intermediate\other\vector_3d.obj
h:\ridx12engine\intermediate\other\vector_2id.obj
h:\ridx12engine\intermediate\other\vector_2d.obj
h:\ridx12engine\intermediate\other\rotator.obj
h:\ridx12engine\intermediate\other\quat.obj
h:\ridx12engine\intermediate\other\triangle.obj
h:\ridx12engine\intermediate\other\line.obj
h:\ridx12engine\intermediate\other\matrix_4x4.obj
h:\ridx12engine\intermediate\other\matrix_4x3.obj
h:\ridx12engine\intermediate\other\matrix_3x3.obj
h:\ridx12engine\intermediate\other\matrix_2x2.obj
h:\ridx12engine\intermediate\other\math_utils.obj
h:\ridx12engine\intermediate\other\simple_image.obj
h:\ridx12engine\intermediate\other\simple_cpp_string_algorithm.obj
h:\ridx12engine\intermediate\other\imgui_widgets.obj
h:\ridx12engine\intermediate\other\tinyxmlparser.obj
h:\ridx12engine\intermediate\other\tinyxmlerror.obj
h:\ridx12engine\intermediate\other\tinyxml.obj
h:\ridx12engine\intermediate\other\simple_math.obj
h:\ridx12engine\intermediate\other\simple_c_log.obj
h:\ridx12engine\intermediate\other\simple_c_windows_setting.obj
h:\ridx12engine\intermediate\other\simple_c_windows_register.obj
h:\ridx12engine\intermediate\other\simple_c_time.obj
h:\ridx12engine\intermediate\other\simple_c_path.obj
h:\ridx12engine\intermediate\other\simple_file_helper.obj
h:\ridx12engine\intermediate\other\simple_guid.obj
h:\ridx12engine\intermediate\other\string_algorithm.obj
h:\ridx12engine\intermediate\other\simple_c_array_string.obj
h:\ridx12engine\binaries\win64\omnidirectionalshadow.cso
h:\ridx12engine\binaries\win64\selectshader.cso
h:\ridx12engine\binaries\win64\shadow.cso
h:\ridx12engine\binaries\win64\sky.cso
h:\ridx12engine\binaries\win64\vertexshader.cso
h:\ridx12engine\intermediate\other\newdx12engine.ilk
h:\ridx12engine\binaries\win64\newdx12engine.exe
h:\ridx12engine\binaries\win64\newdx12engine.pdb
h:\ridx12engine\binaries\win64\newdx12engine.lib
h:\ridx12engine\binaries\win64\newdx12engine.exp
h:\ridx12engine\intermediate\other\fbxsdk.obj
h:\ridx12engine\intermediate\other\dx12enginemodeltool.ilk
h:\ridx12engine\intermediate\other\newdx12engine.vcxproj.filelistabsolute.txt
h:\ridx12engine\intermediate\other\newdx12engine.tlog\cl.command.1.tlog
h:\ridx12engine\intermediate\other\newdx12engine.tlog\cl.items.tlog
h:\ridx12engine\intermediate\other\newdx12engine.tlog\cl.read.1.tlog
h:\ridx12engine\intermediate\other\newdx12engine.tlog\cl.write.1.tlog
h:\ridx12engine\intermediate\other\newdx12engine.tlog\fxc.command.1.tlog
h:\ridx12engine\intermediate\other\newdx12engine.tlog\fxc.read.1.tlog
h:\ridx12engine\intermediate\other\newdx12engine.tlog\fxc.write.1.tlog
h:\ridx12engine\intermediate\other\newdx12engine.tlog\link.command.1.tlog
h:\ridx12engine\intermediate\other\newdx12engine.tlog\link.read.1.tlog
h:\ridx12engine\intermediate\other\newdx12engine.tlog\link.write.1.tlog
h:\ridx12engine\intermediate\other\newdx12engine.tlog\link.write.2u.tlog
