E:\VS2022 IDE\MSBuild\Microsoft\VC\v170\Microsoft.CppBuild.targets(531,5): warning MSB8028: 中间目录(H:\RiDX12Engine\Intermediate\Other\)包含从另一个项目(DX12EngineModelTool.vcxproj)共享的文件。   这会导致错误的清除和重新生成行为。
H:\RiDX12Engine\newDX12Engine\Shader\Material.hlsli(79,5-60): warning X3206: implicit truncation of vector type
  
  compilation object save succeeded; see H:\RiDX12Engine\Binaries\Win64\OmnidirectionalShadow.cso
H:\RiDX12Engine\newDX12Engine\Shader\Material.hlsli(79,5-60): warning X3206: implicit truncation of vector type
  
  compilation object save succeeded; see H:\RiDX12Engine\Binaries\Win64\SelectShader.cso
H:\RiDX12Engine\newDX12Engine\Shader\Material.hlsli(79,5-60): warning X3206: implicit truncation of vector type
  
  compilation object save succeeded; see H:\RiDX12Engine\Binaries\Win64\Shadow.cso
  compilation object save succeeded; see H:\RiDX12Engine\Binaries\Win64\Sky.cso
H:\RiDX12Engine\newDX12Engine\Shader\Material.hlsli(79,5-60): warning X3206: implicit truncation of vector type
H:\RiDX12Engine\newDX12Engine\Shader\ShadowFunction.hlsli(105,12-101): warning X3206: 'SampleCmpLevelZero': implicit truncation of vector type
H:\RiDX12Engine\newDX12Engine\Shader\Material.hlsli(24,5): warning X4000: use of potentially uninitialized variable (GetMaterialBaseColor)
H:\RiDX12Engine\newDX12Engine\Shader\Material.hlsli(57,5): warning X4000: use of potentially uninitialized variable (GetMaterialSpecular)
H:\RiDX12Engine\newDX12Engine\Shader\Material.hlsli(47,5): warning X4000: use of potentially uninitialized variable (GetMaterialNormals)
H:\RiDX12Engine\newDX12Engine\Shader\Material.hlsli(57,5): warning X4000: use of potentially uninitialized variable (GetMaterialSpecular)
H:\RiDX12Engine\newDX12Engine\Shader\Light.hlsli(39,5): warning X4000: use of potentially uninitialized variable (GetLightDirection)
H:\RiDX12Engine\newDX12Engine\Shader\Light.hlsli(84,9): warning X4000: use of potentially uninitialized variable (ComputeLightStrength)
H:\RiDX12Engine\newDX12Engine\Shader\Light.hlsli(118,5): warning X4000: use of potentially uninitialized variable (ComputeLightStrength)
H:\RiDX12Engine\newDX12Engine\Shader\Light.hlsli(119,4): warning X4000: use of potentially uninitialized variable (ComputeLightStrength)
H:\RiDX12Engine\newDX12Engine\Shader\Light.hlsli(120,5): warning X4000: use of potentially uninitialized variable (ComputeLightStrength)
  
  compilation object save succeeded; see H:\RiDX12Engine\Binaries\Win64\VertexShader.cso
  EngineVariableTable.cpp
  EditorEngine.cpp
  LogEditor.cpp
  LogSystem.cpp
  OutLineEditor.cpp
  ToolbarEditor.cpp
  ActorObject.cpp
  Light.cpp
  RangeLight.cpp
  ParallelLight.cpp
  PointLight.cpp
  SpotLight.cpp
  Fog.cpp
  Sky.cpp
  CollisionSceneQuery.cpp
  Component.cpp
  InputComponent.cpp
  Input.cpp
  InputType.cpp
  LightComponent.cpp
  正在生成代码...
H:\RiDX12Engine\newDX12Engine\simple_library\public\simple_math\transformation\vector\vector_4d.h(97): warning C4717: “fvector_4d::operator*”: 如递归所有控件路径，函数将导致运行时堆栈溢出
  正在编译...
  LightConstantBuffer.cpp
  RangeLightComponent.cpp
  ParallelLightComponent.cpp
  PointLightComponent.cpp
  SpotLightComponent.cpp
  BoxMeshComponent.cpp
  ConeMeshComponent.cpp
  MeshComponent.cpp
  ShellMeshComponent.cpp
  CustomMeshComponent.cpp
  CylinderMeshComponent.cpp
  PipeMeshComponent.cpp
  PlaneMeshComponent.cpp
  PyramidMeshComponent.cpp
  SphereMeshComponent.cpp
  TorusMeshComponent.cpp
  FogComponent.cpp
  SkyConstantBuffer.cpp
  TransformComponent.cpp
  EngineRenderConfig.cpp
  正在生成代码...
  正在编译...
  Camera.cpp
  ActorMeshConstruction.cpp
  MeshConstruction.cpp
  ObjectConstruction.cpp
  CoreMinimalObject.cpp
  GuidInterface.cpp
  Engine.cpp
  ClientViewport.cpp
  Viewport.cpp
  ViewportInfo.cpp
  ViewportTransformation.cpp
  WinMainCommandParameters.cpp
  World.cpp
  DX12Engine.cpp
  EngineFactory.cpp
  EngineType.cpp
  DirectXDeviceInterface.cpp
  RaycastSystemLibrary.cpp
  LightManager.cpp
  EngineMath.cpp
  正在生成代码...
  正在编译...
  BoxMesh.cpp
  ConeMesh.cpp
  Material.cpp
  MaterialConstantBuffer.cpp
  MaterialType.cpp
  Mesh.cpp
  MeshManager.cpp
  MeshType.cpp
  ObjectTransform.cpp
  CustomMesh.cpp
  CylinderMesh.cpp
  PipeMesh.cpp
  PlaneMesh.cpp
  PyramidMesh.cpp
  SphereMesh.cpp
  TorusMesh.cpp
  ConstructBuffer.cpp
  ConstantBufferViews.cpp
  DirectXDescriptorHeap.cpp
  DynamicCubeMap.cpp
  正在生成代码...
  正在编译...
  DynamicMap.cpp
  DynamicReflectionCubeMap.cpp
  DynamicShadowCubeMap.cpp
  DynamicShadowMap.cpp
  GeometryMap.cpp
  RenderingData.cpp
  DirectXPipelineState.cpp
  RenderingPipeline.cpp
  RenderLayer.cpp
  RenderLayerManager.cpp
  AlphaTestRenderLayer.cpp
  BackgroundRenderLayer.cpp
  OpaqueReflectorRenderLayer.cpp
  OpaqueRenderLayer.cpp
  OpaqueShadowRenderLayer.cpp
  SelectRenderLayer.cpp
  TransparentRenderLayer.cpp
  RenderTarget.cpp
  CubeMapRenderTarget.cpp
  ShadowMapRenderTarget.cpp
  正在生成代码...
  正在编译...
  DirectXRootSignature.cpp
  StaticSamplerObject.cpp
  IMGUIPipeline.cpp
  Rendering.cpp
  RenderingResourcesUpdate.cpp
  RenderingTextureResourcesUpdate.cpp
  DDSTextureLoader.cpp
  RenderingEngine.cpp
  DirectXRenderingEngine.cpp
  DirectX12RenderingEngine.cpp
  Shader.cpp
  ShaderType.cpp
  WindowsEngine.cpp
  WindowsMessageProcessing.cpp
  imgui_impl_dx12.cpp
  imgui_impl_win32.cpp
  imgui.cpp
  imgui_demo.cpp
  imgui_draw.cpp
  imgui_tables.cpp
  正在生成代码...
  正在编译...
  imgui_widgets.cpp
  simple_cpp_string_algorithm.cpp
H:\RiDX12Engine\newDX12Engine\simple_library\private\simple_cpp_core_minimal\simple_cpp_string_algorithm\simple_cpp_string_algorithm.cpp(31,26): warning C4267: “初始化”: 从“size_t”转换到“int”，可能丢失数据
H:\RiDX12Engine\newDX12Engine\simple_library\private\simple_cpp_core_minimal\simple_cpp_string_algorithm\simple_cpp_string_algorithm.cpp(32,24): warning C4267: “初始化”: 从“size_t”转换到“int”，可能丢失数据
  simple_image.cpp
H:\RiDX12Engine\newDX12Engine\simple_library\private\simple_image\simple_image.cpp(42,59): warning C4267: “参数”: 从“size_t”转换到“int”，可能丢失数据
H:\RiDX12Engine\newDX12Engine\simple_library\private\simple_image\simple_image.cpp(85,43): warning C4267: “=”: 从“size_t”转换到“BYTE”，可能丢失数据
H:\RiDX12Engine\newDX12Engine\simple_library\private\simple_image\simple_image.cpp(86,44): warning C4267: “=”: 从“size_t”转换到“BYTE”，可能丢失数据
H:\RiDX12Engine\newDX12Engine\simple_library\private\simple_image\simple_image.cpp(87,42): warning C4267: “=”: 从“size_t”转换到“BYTE”，可能丢失数据
  math_utils.cpp
H:\RiDX12Engine\newDX12Engine\simple_library\private\simple_math\math_utils.cpp(58,33): warning C4244: “=”: 从“double”转换到“float”，可能丢失数据
H:\RiDX12Engine\newDX12Engine\simple_library\private\simple_math\math_utils.cpp(59,30): warning C4244: “=”: 从“double”转换到“float”，可能丢失数据
H:\RiDX12Engine\newDX12Engine\simple_library\private\simple_math\math_utils.cpp(60,33): warning C4244: “=”: 从“double”转换到“float”，可能丢失数据
H:\RiDX12Engine\newDX12Engine\simple_library\private\simple_math\math_utils.cpp(61,33): warning C4244: “=”: 从“double”转换到“float”，可能丢失数据
H:\RiDX12Engine\newDX12Engine\simple_library\private\simple_math\math_utils.cpp(69,25): warning C4244: “初始化”: 从“double”转换到“float”，可能丢失数据
H:\RiDX12Engine\newDX12Engine\simple_library\private\simple_math\math_utils.cpp(111,21): warning C4244: “初始化”: 从“double”转换到“float”，可能丢失数据
H:\RiDX12Engine\newDX12Engine\simple_library\private\simple_math\math_utils.cpp(170,35): warning C4244: “参数”: 从“double”转换到“float”，可能丢失数据
H:\RiDX12Engine\newDX12Engine\simple_library\private\simple_math\math_utils.cpp(170,13): warning C4244: “参数”: 从“double”转换到“float”，可能丢失数据
H:\RiDX12Engine\newDX12Engine\simple_library\private\simple_math\math_utils.cpp(168,34): warning C4244: “参数”: 从“double”转换到“float”，可能丢失数据
H:\RiDX12Engine\newDX12Engine\simple_library\private\simple_math\math_utils.cpp(168,16): warning C4244: “参数”: 从“double”转换到“float”，可能丢失数据
H:\RiDX12Engine\newDX12Engine\simple_library\private\simple_math\math_utils.cpp(180,34): warning C4244: “参数”: 从“double”转换到“float”，可能丢失数据
H:\RiDX12Engine\newDX12Engine\simple_library\private\simple_math\math_utils.cpp(180,21): warning C4244: “参数”: 从“double”转换到“float”，可能丢失数据
H:\RiDX12Engine\newDX12Engine\simple_library\private\simple_math\math_utils.cpp(179,31): warning C4244: “参数”: 从“double”转换到“float”，可能丢失数据
H:\RiDX12Engine\newDX12Engine\simple_library\private\simple_math\math_utils.cpp(179,21): warning C4244: “参数”: 从“double”转换到“float”，可能丢失数据
H:\RiDX12Engine\newDX12Engine\simple_library\private\simple_math\math_utils.cpp(189,29): warning C4244: “参数”: 从“double”转换到“float”，可能丢失数据
H:\RiDX12Engine\newDX12Engine\simple_library\private\simple_math\math_utils.cpp(189,16): warning C4244: “参数”: 从“double”转换到“float”，可能丢失数据
H:\RiDX12Engine\newDX12Engine\simple_library\private\simple_math\math_utils.cpp(188,26): warning C4244: “参数”: 从“double”转换到“float”，可能丢失数据
H:\RiDX12Engine\newDX12Engine\simple_library\private\simple_math\math_utils.cpp(188,16): warning C4244: “参数”: 从“double”转换到“float”，可能丢失数据
H:\RiDX12Engine\newDX12Engine\simple_library\private\simple_math\math_utils.cpp(204,151): warning C4244: “参数”: 从“double”转换到“float”，可能丢失数据
H:\RiDX12Engine\newDX12Engine\simple_library\private\simple_math\math_utils.cpp(204,98): warning C4244: “参数”: 从“double”转换到“float”，可能丢失数据
H:\RiDX12Engine\newDX12Engine\simple_library\private\simple_math\math_utils.cpp(204,45): warning C4244: “参数”: 从“double”转换到“float”，可能丢失数据
H:\RiDX12Engine\newDX12Engine\simple_library\private\simple_math\math_utils.cpp(203,145): warning C4244: “参数”: 从“double”转换到“float”，可能丢失数据
H:\RiDX12Engine\newDX12Engine\simple_library\private\simple_math\math_utils.cpp(203,98): warning C4244: “参数”: 从“double”转换到“float”，可能丢失数据
H:\RiDX12Engine\newDX12Engine\simple_library\private\simple_math\math_utils.cpp(203,45): warning C4244: “参数”: 从“double”转换到“float”，可能丢失数据
H:\RiDX12Engine\newDX12Engine\simple_library\private\simple_math\math_utils.cpp(202,145): warning C4244: “参数”: 从“double”转换到“float”，可能丢失数据
H:\RiDX12Engine\newDX12Engine\simple_library\private\simple_math\math_utils.cpp(202,92): warning C4244: “参数”: 从“double”转换到“float”，可能丢失数据
H:\RiDX12Engine\newDX12Engine\simple_library\private\simple_math\math_utils.cpp(202,45): warning C4244: “参数”: 从“double”转换到“float”，可能丢失数据
H:\RiDX12Engine\newDX12Engine\simple_library\private\simple_math\math_utils.cpp(265,30): warning C4244: “初始化”: 从“double”转换到“float”，可能丢失数据
H:\RiDX12Engine\newDX12Engine\simple_library\private\simple_math\math_utils.cpp(323,21): warning C4244: “初始化”: 从“double”转换到“float”，可能丢失数据
H:\RiDX12Engine\newDX12Engine\simple_library\private\simple_math\math_utils.cpp(327,18): warning C4244: “=”: 从“double”转换到“float”，可能丢失数据
H:\RiDX12Engine\newDX12Engine\simple_library\private\simple_math\math_utils.cpp(329,24): warning C4244: “初始化”: 从“double”转换到“float”，可能丢失数据
  matrix_2x2.cpp
  matrix_3x3.cpp
H:\RiDX12Engine\newDX12Engine\simple_library\private\simple_math\transformation\matrix\matrix_3x3.cpp(36,24): warning C4244: “=”: 从“double”转换到“float”，可能丢失数据
H:\RiDX12Engine\newDX12Engine\simple_library\private\simple_math\transformation\matrix\matrix_3x3.cpp(37,25): warning C4244: “=”: 从“double”转换到“float”，可能丢失数据
H:\RiDX12Engine\newDX12Engine\simple_library\private\simple_math\transformation\matrix\matrix_3x3.cpp(38,15): warning C4244: “=”: 从“double”转换到“float”，可能丢失数据
H:\RiDX12Engine\newDX12Engine\simple_library\private\simple_math\transformation\matrix\matrix_3x3.cpp(40,15): warning C4244: “=”: 从“double”转换到“float”，可能丢失数据
H:\RiDX12Engine\newDX12Engine\simple_library\private\simple_math\transformation\matrix\matrix_3x3.cpp(41,15): warning C4244: “=”: 从“double”转换到“float”，可能丢失数据
H:\RiDX12Engine\newDX12Engine\simple_library\private\simple_math\transformation\matrix\matrix_3x3.cpp(42,11): warning C4244: “=”: 从“double”转换到“float”，可能丢失数据
H:\RiDX12Engine\newDX12Engine\simple_library\private\simple_math\transformation\matrix\matrix_3x3.cpp(44,25): warning C4244: “=”: 从“double”转换到“float”，可能丢失数据
H:\RiDX12Engine\newDX12Engine\simple_library\private\simple_math\transformation\matrix\matrix_3x3.cpp(45,24): warning C4244: “=”: 从“double”转换到“float”，可能丢失数据
H:\RiDX12Engine\newDX12Engine\simple_library\private\simple_math\transformation\matrix\matrix_3x3.cpp(46,15): warning C4244: “=”: 从“double”转换到“float”，可能丢失数据
  matrix_4x3.cpp
  matrix_4x4.cpp
  line.cpp
H:\RiDX12Engine\newDX12Engine\simple_library\private\simple_math\transformation\primitives\line.cpp(38,13): warning C4244: “初始化”: 从“float”转换到“int”，可能丢失数据
  triangle.cpp
H:\RiDX12Engine\newDX12Engine\simple_library\private\simple_math\transformation\primitives\triangle.cpp(18,18): warning C4244: “参数”: 从“int”转换到“float”，可能丢失数据
H:\RiDX12Engine\newDX12Engine\simple_library\private\simple_math\transformation\primitives\triangle.cpp(18,15): warning C4244: “参数”: 从“int”转换到“float”，可能丢失数据
H:\RiDX12Engine\newDX12Engine\simple_library\private\simple_math\transformation\primitives\triangle.cpp(25,18): warning C4244: “参数”: 从“int”转换到“float”，可能丢失数据
H:\RiDX12Engine\newDX12Engine\simple_library\private\simple_math\transformation\primitives\triangle.cpp(25,15): warning C4244: “参数”: 从“int”转换到“float”，可能丢失数据
H:\RiDX12Engine\newDX12Engine\simple_library\private\simple_math\transformation\primitives\triangle.cpp(32,18): warning C4244: “参数”: 从“int”转换到“float”，可能丢失数据
H:\RiDX12Engine\newDX12Engine\simple_library\private\simple_math\transformation\primitives\triangle.cpp(32,15): warning C4244: “参数”: 从“int”转换到“float”，可能丢失数据
  quat.cpp
H:\RiDX12Engine\newDX12Engine\simple_library\private\simple_math\transformation\quaternion\quat.cpp(166,28): warning C4244: “return”: 从“double”转换到“float”，可能丢失数据
  rotator.cpp
H:\RiDX12Engine\newDX12Engine\simple_library\private\simple_math\transformation\rotator\rotator.cpp(16,24): warning C4244: “=”: 从“double”转换到“float”，可能丢失数据
H:\RiDX12Engine\newDX12Engine\simple_library\private\simple_math\transformation\rotator\rotator.cpp(20,24): warning C4244: “=”: 从“double”转换到“float”，可能丢失数据
H:\RiDX12Engine\newDX12Engine\simple_library\private\simple_math\transformation\rotator\rotator.cpp(21,21): warning C4244: “=”: 从“double”转换到“float”，可能丢失数据
H:\RiDX12Engine\newDX12Engine\simple_library\private\simple_math\transformation\rotator\rotator.cpp(22,21): warning C4244: “=”: 从“double”转换到“float”，可能丢失数据
H:\RiDX12Engine\newDX12Engine\simple_library\private\simple_math\transformation\rotator\rotator.cpp(36,24): warning C4244: “=”: 从“double”转换到“float”，可能丢失数据
H:\RiDX12Engine\newDX12Engine\simple_library\private\simple_math\transformation\rotator\rotator.cpp(41,21): warning C4244: “=”: 从“double”转换到“float”，可能丢失数据
H:\RiDX12Engine\newDX12Engine\simple_library\private\simple_math\transformation\rotator\rotator.cpp(42,24): warning C4244: “=”: 从“double”转换到“float”，可能丢失数据
H:\RiDX12Engine\newDX12Engine\simple_library\private\simple_math\transformation\rotator\rotator.cpp(45,21): warning C4244: “=”: 从“double”转换到“float”，可能丢失数据
H:\RiDX12Engine\newDX12Engine\simple_library\private\simple_math\transformation\rotator\rotator.cpp(83,24): warning C4244: “=”: 从“double”转换到“float”，可能丢失数据
H:\RiDX12Engine\newDX12Engine\simple_library\private\simple_math\transformation\rotator\rotator.cpp(88,21): warning C4244: “=”: 从“double”转换到“float”，可能丢失数据
H:\RiDX12Engine\newDX12Engine\simple_library\private\simple_math\transformation\rotator\rotator.cpp(89,24): warning C4244: “=”: 从“double”转换到“float”，可能丢失数据
H:\RiDX12Engine\newDX12Engine\simple_library\private\simple_math\transformation\rotator\rotator.cpp(92,21): warning C4244: “=”: 从“double”转换到“float”，可能丢失数据
H:\RiDX12Engine\newDX12Engine\simple_library\private\simple_math\transformation\rotator\rotator.cpp(122,24): warning C4244: “=”: 从“double”转换到“float”，可能丢失数据
H:\RiDX12Engine\newDX12Engine\simple_library\private\simple_math\transformation\rotator\rotator.cpp(127,24): warning C4244: “=”: 从“double”转换到“float”，可能丢失数据
H:\RiDX12Engine\newDX12Engine\simple_library\private\simple_math\transformation\rotator\rotator.cpp(128,21): warning C4244: “=”: 从“double”转换到“float”，可能丢失数据
H:\RiDX12Engine\newDX12Engine\simple_library\private\simple_math\transformation\rotator\rotator.cpp(129,21): warning C4244: “=”: 从“double”转换到“float”，可能丢失数据
  vector_2d.cpp
  vector_2id.cpp
H:\RiDX12Engine\newDX12Engine\simple_library\private\simple_math\transformation\vector\vector_2id.cpp(17,5): warning C4244: “初始化”: 从“float”转换到“int”，可能丢失数据
H:\RiDX12Engine\newDX12Engine\simple_library\private\simple_math\transformation\vector\vector_2id.cpp(18,5): warning C4244: “初始化”: 从“float”转换到“int”，可能丢失数据
H:\RiDX12Engine\newDX12Engine\simple_library\private\simple_math\transformation\vector\vector_2id.cpp(31,13): warning C4244: “return”: 从“double”转换到“float”，可能丢失数据
  vector_3d.cpp
H:\RiDX12Engine\newDX12Engine\simple_library\private\simple_math\transformation\vector\vector_3d.cpp(25,4): warning C4244: “初始化”: 从“int”转换到“float”，可能丢失数据
H:\RiDX12Engine\newDX12Engine\simple_library\private\simple_math\transformation\vector\vector_3d.cpp(26,4): warning C4244: “初始化”: 从“int”转换到“float”，可能丢失数据
H:\RiDX12Engine\newDX12Engine\simple_library\private\simple_math\transformation\vector\vector_3d.cpp(27,4): warning C4244: “初始化”: 从“int”转换到“float”，可能丢失数据
  vector_3id.cpp
  vector_4d.cpp
  vector_4id.cpp
  vector_color.cpp
  tinystr.cpp
  正在生成代码...
H:\RiDX12Engine\newDX12Engine\simple_library\public\simple_math\transformation\vector\vector_4d.h(97): warning C4717: “fvector_4d::operator*”: 如递归所有控件路径，函数将导致运行时堆栈溢出
H:\RiDX12Engine\newDX12Engine\simple_library\public\simple_math\transformation\vector\vector_4d.h(97): warning C4717: “fvector_4d::operator*”: 如递归所有控件路径，函数将导致运行时堆栈溢出
H:\RiDX12Engine\newDX12Engine\simple_library\public\simple_math\transformation\vector\vector_4d.h(97): warning C4717: “fvector_4d::operator*”: 如递归所有控件路径，函数将导致运行时堆栈溢出
H:\RiDX12Engine\newDX12Engine\simple_library\public\simple_math\transformation\vector\vector_4d.h(97): warning C4717: “fvector_4d::operator*”: 如递归所有控件路径，函数将导致运行时堆栈溢出
H:\RiDX12Engine\newDX12Engine\simple_library\public\simple_math\transformation\vector\vector_4d.h(97): warning C4717: “fvector_4d::operator*”: 如递归所有控件路径，函数将导致运行时堆栈溢出
H:\RiDX12Engine\newDX12Engine\simple_library\public\simple_math\transformation\vector\vector_4d.h(97): warning C4717: “fvector_4d::operator*”: 如递归所有控件路径，函数将导致运行时堆栈溢出
H:\RiDX12Engine\newDX12Engine\simple_library\public\simple_math\transformation\vector\vector_4d.h(97): warning C4717: “fvector_4d::operator*”: 如递归所有控件路径，函数将导致运行时堆栈溢出
H:\RiDX12Engine\newDX12Engine\simple_library\public\simple_math\transformation\vector\vector_4d.h(97): warning C4717: “fvector_4d::operator*”: 如递归所有控件路径，函数将导致运行时堆栈溢出
  正在编译...
  tinyxml.cpp
  tinyxmlerror.cpp
  tinyxmlparser.cpp
  正在生成代码...
  simple_c_array_string.c
H:\RiDX12Engine\newDX12Engine\simple_library\private\simple_core_minimal\simple_c_core\simple_c_array\simple_c_array_string.c(66,2): warning C4013: “remove_char_end”未定义；假设外部返回 int
  string_algorithm.c
H:\RiDX12Engine\newDX12Engine\simple_library\private\simple_core_minimal\simple_c_core\simple_c_string_algorithm\string_algorithm.c(6,12): warning C4267: “初始化”: 从“size_t”转换到“int”，可能丢失数据
H:\RiDX12Engine\newDX12Engine\simple_library\private\simple_core_minimal\simple_c_core\simple_c_string_algorithm\string_algorithm.c(20,12): warning C4267: “初始化”: 从“size_t”转换到“int”，可能丢失数据
H:\RiDX12Engine\newDX12Engine\simple_library\private\simple_core_minimal\simple_c_core\simple_c_string_algorithm\string_algorithm.c(36,17): warning C4267: “初始化”: 从“size_t”转换到“int”，可能丢失数据
H:\RiDX12Engine\newDX12Engine\simple_library\private\simple_core_minimal\simple_c_core\simple_c_string_algorithm\string_algorithm.c(37,24): warning C4267: “初始化”: 从“size_t”转换到“int”，可能丢失数据
H:\RiDX12Engine\newDX12Engine\simple_library\private\simple_core_minimal\simple_c_core\simple_c_string_algorithm\string_algorithm.c(38,24): warning C4267: “初始化”: 从“size_t”转换到“int”，可能丢失数据
H:\RiDX12Engine\newDX12Engine\simple_library\private\simple_core_minimal\simple_c_core\simple_c_string_algorithm\string_algorithm.c(61,24): warning C4267: “初始化”: 从“size_t”转换到“int”，可能丢失数据
H:\RiDX12Engine\newDX12Engine\simple_library\private\simple_core_minimal\simple_c_core\simple_c_string_algorithm\string_algorithm.c(84,12): warning C4267: “初始化”: 从“size_t”转换到“int”，可能丢失数据
H:\RiDX12Engine\newDX12Engine\simple_library\private\simple_core_minimal\simple_c_core\simple_c_string_algorithm\string_algorithm.c(135,21): warning C4129: “%”: 不可识别的字符转义序列
H:\RiDX12Engine\newDX12Engine\simple_library\private\simple_core_minimal\simple_c_core\simple_c_string_algorithm\string_algorithm.c(135,46): warning C4129: “%”: 不可识别的字符转义序列
H:\RiDX12Engine\newDX12Engine\simple_library\private\simple_core_minimal\simple_c_core\simple_c_string_algorithm\string_algorithm.c(185,21): warning C4267: “return”: 从“size_t”转换到“int”，可能丢失数据
H:\RiDX12Engine\newDX12Engine\simple_library\private\simple_core_minimal\simple_c_core\simple_c_string_algorithm\string_algorithm.c(154,15): warning C4267: “初始化”: 从“size_t”转换到“int”，可能丢失数据
H:\RiDX12Engine\newDX12Engine\simple_library\private\simple_core_minimal\simple_c_core\simple_c_string_algorithm\string_algorithm.c(171,15): warning C4267: “初始化”: 从“size_t”转换到“int”，可能丢失数据
H:\RiDX12Engine\newDX12Engine\simple_library\private\simple_core_minimal\simple_c_core\simple_c_string_algorithm\string_algorithm.c(199,25): warning C4267: “return”: 从“size_t”转换到“int”，可能丢失数据
H:\RiDX12Engine\newDX12Engine\simple_library\private\simple_core_minimal\simple_c_core\simple_c_string_algorithm\string_algorithm.c(214,25): warning C4267: “return”: 从“size_t”转换到“int”，可能丢失数据
H:\RiDX12Engine\newDX12Engine\simple_library\private\simple_core_minimal\simple_c_core\simple_c_string_algorithm\string_algorithm.c(219,8): warning C4090: “初始化”: 不同的“const”限定符
H:\RiDX12Engine\newDX12Engine\simple_library\private\simple_core_minimal\simple_c_core\simple_c_string_algorithm\string_algorithm.c(227,46): warning C4267: “函数”: 从“size_t”转换到“int”，可能丢失数据
H:\RiDX12Engine\newDX12Engine\simple_library\private\simple_core_minimal\simple_c_core\simple_c_string_algorithm\string_algorithm.c(227,63): warning C4267: “函数”: 从“size_t”转换到“int”，可能丢失数据
H:\RiDX12Engine\newDX12Engine\simple_library\private\simple_core_minimal\simple_c_core\simple_c_string_algorithm\string_algorithm.c(232,53): warning C4267: “函数”: 从“size_t”转换到“int”，可能丢失数据
H:\RiDX12Engine\newDX12Engine\simple_library\private\simple_core_minimal\simple_c_core\simple_c_string_algorithm\string_algorithm.c(246,12): warning C4267: “初始化”: 从“size_t”转换到“int”，可能丢失数据
H:\RiDX12Engine\newDX12Engine\simple_library\private\simple_core_minimal\simple_c_core\simple_c_string_algorithm\string_algorithm.c(272,24): warning C4267: “初始化”: 从“size_t”转换到“int”，可能丢失数据
H:\RiDX12Engine\newDX12Engine\simple_library\private\simple_core_minimal\simple_c_core\simple_c_string_algorithm\string_algorithm.c(293,12): warning C4267: “初始化”: 从“size_t”转换到“int”，可能丢失数据
H:\RiDX12Engine\newDX12Engine\simple_library\private\simple_core_minimal\simple_c_core\simple_c_string_algorithm\string_algorithm.c(307,12): warning C4267: “初始化”: 从“size_t”转换到“int”，可能丢失数据
H:\RiDX12Engine\newDX12Engine\simple_library\private\simple_core_minimal\simple_c_core\simple_c_string_algorithm\string_algorithm.c(337,44): warning C4020: “wfind_string”: 实参太多
H:\RiDX12Engine\newDX12Engine\simple_library\private\simple_core_minimal\simple_c_core\simple_c_string_algorithm\string_algorithm.c(333,17): warning C4267: “初始化”: 从“size_t”转换到“int”，可能丢失数据
H:\RiDX12Engine\newDX12Engine\simple_library\private\simple_core_minimal\simple_c_core\simple_c_string_algorithm\string_algorithm.c(334,24): warning C4267: “初始化”: 从“size_t”转换到“int”，可能丢失数据
H:\RiDX12Engine\newDX12Engine\simple_library\private\simple_core_minimal\simple_c_core\simple_c_string_algorithm\string_algorithm.c(335,24): warning C4267: “初始化”: 从“size_t”转换到“int”，可能丢失数据
H:\RiDX12Engine\newDX12Engine\simple_library\private\simple_core_minimal\simple_c_core\simple_c_string_algorithm\string_algorithm.c(364,21): warning C4129: “%”: 不可识别的字符转义序列
H:\RiDX12Engine\newDX12Engine\simple_library\private\simple_core_minimal\simple_c_core\simple_c_string_algorithm\string_algorithm.c(364,47): warning C4129: “%”: 不可识别的字符转义序列
H:\RiDX12Engine\newDX12Engine\simple_library\private\simple_core_minimal\simple_c_core\simple_c_string_algorithm\string_algorithm.c(418,21): warning C4267: “return”: 从“size_t”转换到“int”，可能丢失数据
H:\RiDX12Engine\newDX12Engine\simple_library\private\simple_core_minimal\simple_c_core\simple_c_string_algorithm\string_algorithm.c(383,15): warning C4267: “初始化”: 从“size_t”转换到“int”，可能丢失数据
H:\RiDX12Engine\newDX12Engine\simple_library\private\simple_core_minimal\simple_c_core\simple_c_string_algorithm\string_algorithm.c(404,15): warning C4267: “初始化”: 从“size_t”转换到“int”，可能丢失数据
H:\RiDX12Engine\newDX12Engine\simple_library\private\simple_core_minimal\simple_c_core\simple_c_string_algorithm\string_algorithm.c(424,10): warning C4047: “函数”:“wchar_t *”与“wchar_t *[8196]”的间接级别不同
H:\RiDX12Engine\newDX12Engine\simple_library\private\simple_core_minimal\simple_c_core\simple_c_string_algorithm\string_algorithm.c(424,10): warning C4024: “wmemset”: 形参和实参 1 的类型不同
H:\RiDX12Engine\newDX12Engine\simple_library\private\simple_core_minimal\simple_c_core\simple_c_string_algorithm\string_algorithm.c(427,16): warning C4047: “函数”:“wchar_t *const ”与“wchar_t *[8196]”的间接级别不同
H:\RiDX12Engine\newDX12Engine\simple_library\private\simple_core_minimal\simple_c_core\simple_c_string_algorithm\string_algorithm.c(427,16): warning C4024: “_vsnwprintf_s”: 形参和实参 1 的类型不同
H:\RiDX12Engine\newDX12Engine\simple_library\private\simple_core_minimal\simple_c_core\simple_c_string_algorithm\string_algorithm.c(431,18): warning C4047: “函数”:“const wchar_t *”与“wchar_t *[8196]”的间接级别不同
H:\RiDX12Engine\newDX12Engine\simple_library\private\simple_core_minimal\simple_c_core\simple_c_string_algorithm\string_algorithm.c(431,18): warning C4024: “wcscat”: 形参和实参 2 的类型不同
H:\RiDX12Engine\newDX12Engine\simple_library\private\simple_core_minimal\simple_c_core\simple_c_string_algorithm\string_algorithm.c(432,25): warning C4267: “return”: 从“size_t”转换到“int”，可能丢失数据
H:\RiDX12Engine\newDX12Engine\simple_library\private\simple_core_minimal\simple_c_core\simple_c_string_algorithm\string_algorithm.c(448,25): warning C4267: “return”: 从“size_t”转换到“int”，可能丢失数据
H:\RiDX12Engine\newDX12Engine\simple_library\private\simple_core_minimal\simple_c_core\simple_c_string_algorithm\string_algorithm.c(453,11): warning C4090: “初始化”: 不同的“const”限定符
  simple_guid.c
  simple_file_helper.c
H:\RiDX12Engine\newDX12Engine\simple_library\private\simple_core_minimal\simple_c_helper_file\simple_file_helper.c(11,3): warning C4002: 类函数宏的调用“assert”参数过多
H:\RiDX12Engine\newDX12Engine\simple_library\private\simple_core_minimal\simple_c_helper_file\simple_file_helper.c(16,3): warning C4002: 类函数宏的调用“assert”参数过多
H:\RiDX12Engine\newDX12Engine\simple_library\private\simple_core_minimal\simple_c_helper_file\simple_file_helper.c(21,3): warning C4002: 类函数宏的调用“assert”参数过多
H:\RiDX12Engine\newDX12Engine\simple_library\private\simple_core_minimal\simple_c_helper_file\simple_file_helper.c(26,3): warning C4002: 类函数宏的调用“assert”参数过多
H:\RiDX12Engine\newDX12Engine\simple_library\private\simple_core_minimal\simple_c_helper_file\simple_file_helper.c(31,3): warning C4002: 类函数宏的调用“assert”参数过多
H:\RiDX12Engine\newDX12Engine\simple_library\private\simple_core_minimal\simple_c_helper_file\simple_file_helper.c(36,3): warning C4002: 类函数宏的调用“assert”参数过多
H:\RiDX12Engine\newDX12Engine\simple_library\private\simple_core_minimal\simple_c_helper_file\simple_file_helper.c(41,3): warning C4002: 类函数宏的调用“assert”参数过多
H:\RiDX12Engine\newDX12Engine\simple_library\private\simple_core_minimal\simple_c_helper_file\simple_file_helper.c(46,3): warning C4002: 类函数宏的调用“assert”参数过多
H:\RiDX12Engine\newDX12Engine\simple_library\private\simple_core_minimal\simple_c_helper_file\simple_file_helper.c(51,3): warning C4002: 类函数宏的调用“assert”参数过多
H:\RiDX12Engine\newDX12Engine\simple_library\private\simple_core_minimal\simple_c_helper_file\simple_file_helper.c(56,3): warning C4002: 类函数宏的调用“assert”参数过多
H:\RiDX12Engine\newDX12Engine\simple_library\private\simple_core_minimal\simple_c_helper_file\simple_file_helper.c(86,23): warning C4267: “=”: 从“size_t”转换到“int”，可能丢失数据
H:\RiDX12Engine\newDX12Engine\simple_library\private\simple_core_minimal\simple_c_helper_file\simple_file_helper.c(266,23): warning C4267: “=”: 从“size_t”转换到“int”，可能丢失数据
H:\RiDX12Engine\newDX12Engine\simple_library\private\simple_core_minimal\simple_c_helper_file\simple_file_helper.c(329,23): warning C4267: “=”: 从“size_t”转换到“int”，可能丢失数据
H:\RiDX12Engine\newDX12Engine\simple_library\private\simple_core_minimal\simple_c_helper_file\simple_file_helper.c(395,32): warning C4047: “函数”:“int”与“HINSTANCE”的间接级别不同
H:\RiDX12Engine\newDX12Engine\simple_library\private\simple_core_minimal\simple_c_helper_file\simple_file_helper.c(395,32): warning C4024: “check_ShellExecute_ret”: 形参和实参 1 的类型不同
H:\RiDX12Engine\newDX12Engine\simple_library\private\simple_core_minimal\simple_c_helper_file\simple_file_helper.c(481,23): warning C4133: “函数”: 从“unsigned short [3]”到“const char *”的类型不兼容
  simple_c_path.c
H:\RiDX12Engine\newDX12Engine\simple_library\private\simple_core_minimal\simple_c_path\simple_c_path.c(12,2): warning C4013: “remove_string_start”未定义；假设外部返回 int
H:\RiDX12Engine\newDX12Engine\simple_library\private\simple_core_minimal\simple_c_path\simple_c_path.c(40,2): warning C4013: “replace_char_inline”未定义；假设外部返回 int
  simple_c_time.c
H:\RiDX12Engine\newDX12Engine\simple_library\private\simple_core_minimal\simple_c_time\simple_c_time.c(74,37): warning C4090: “函数”: 不同的“const”限定符
  simple_c_windows_register.c
H:\RiDX12Engine\newDX12Engine\simple_library\private\simple_core_minimal\simple_c_windows\simple_c_windows_register.c(16,34): warning C4133: “函数”: 从“const char *”到“LPCWSTR”的类型不兼容
H:\RiDX12Engine\newDX12Engine\simple_library\private\simple_core_minimal\simple_c_windows\simple_c_windows_register.c(18,37): warning C4133: “函数”: 从“const char *”到“LPCWSTR”的类型不兼容
H:\RiDX12Engine\newDX12Engine\simple_library\private\simple_core_minimal\simple_c_windows\simple_c_windows_register.c(34,34): warning C4133: “函数”: 从“const char *”到“LPCWSTR”的类型不兼容
H:\RiDX12Engine\newDX12Engine\simple_library\private\simple_core_minimal\simple_c_windows\simple_c_windows_register.c(41,41): warning C4133: “函数”: 从“char [260]”到“LPWSTR”的类型不兼容
H:\RiDX12Engine\newDX12Engine\simple_library\private\simple_core_minimal\simple_c_windows\simple_c_windows_register.c(43,40): warning C4133: “函数”: 从“char [260]”到“LPCWSTR”的类型不兼容
H:\RiDX12Engine\newDX12Engine\simple_library\private\simple_core_minimal\simple_c_windows\simple_c_windows_register.c(84,46): warning C4133: “函数”: 从“const char [260]”到“LPCWSTR”的类型不兼容
H:\RiDX12Engine\newDX12Engine\simple_library\private\simple_core_minimal\simple_c_windows\simple_c_windows_register.c(89,40): warning C4133: “函数”: 从“char *”到“LPCWSTR”的类型不兼容
H:\RiDX12Engine\newDX12Engine\simple_library\private\simple_core_minimal\simple_c_windows\simple_c_windows_register.c(95,15): warning C4047: “函数”:“HKEY”与“HKEY *”的间接级别不同
H:\RiDX12Engine\newDX12Engine\simple_library\private\simple_core_minimal\simple_c_windows\simple_c_windows_register.c(95,15): warning C4024: “RegCloseKey”: 形参和实参 1 的类型不同
H:\RiDX12Engine\newDX12Engine\simple_library\private\simple_core_minimal\simple_c_windows\simple_c_windows_register.c(88,10): warning C4090: “初始化”: 不同的“const”限定符
  simple_c_windows_setting.c
  simple_c_log.c
H:\RiDX12Engine\newDX12Engine\simple_library\private\simple_c_log\simple_c_log.c(34,3): warning C4013: “get_local_time_string”未定义；假设外部返回 int
  simple_math.c
  正在生成代码...
    正在创建库 H:\RiDX12Engine\Binaries\Win64\newDX12Engine.lib 和对象 H:\RiDX12Engine\Binaries\Win64\newDX12Engine.exp
  newDX12Engine.vcxproj -> H:\RiDX12Engine\Binaries\Win64\newDX12Engine.exe
